2026-07-08 10:56:38,108 | INFO     | routecollector | Hello RouteCollector
2026-07-08 11:06:08,294 | INFO     | routecollector | Application initialized
2026-07-08 14:35:52,637 | INFO     | routecollector | Application initialized
2026-07-08 14:52:10,698 | INFO     | routecollector | Application initialized
2026-07-08 14:52:20,776 | INFO     | routecollector | Application initialized
2026-07-08 14:52:20,850 | INFO     | routecollector | Database initialized: state/state.db
2026-07-08 14:52:29,990 | INFO     | routecollector | Application initialized
2026-07-08 14:57:54,707 | INFO     | routecollector | Application initialized
2026-07-08 15:22:02,396 | INFO     | routecollector | Application initialized
2026-07-08 15:36:31,200 | INFO     | routecollector | Application initialized
2026-07-08 15:38:55,058 | INFO     | routecollector | Application initialized
2026-07-08 15:49:37,743 | INFO     | routecollector | Application initialized
2026-07-08 15:59:33,737 | INFO     | routecollector | Application initialized
2026-07-08 16:04:51,263 | INFO     | routecollector | Application initialized
2026-07-09 15:34:57,138 | INFO     | routecollector | Application initialized
2026-07-09 16:00:48,500 | INFO     | routecollector | Application initialized
2026-07-09 16:03:58,320 | INFO     | routecollector | Application initialized
2026-07-09 16:04:43,762 | INFO     | routecollector | Application initialized
2026-07-09 16:04:57,273 | INFO     | routecollector | Application initialized
2026-07-09 20:59:38,918 | INFO     | routecollector | Application initialized
2026-07-09 20:59:38,933 | INFO     | routecollector | Database initialized: state/state.db
2026-07-09 21:07:22,512 | INFO     | routecollector | Application initialized
2026-07-09 21:19:20,024 | INFO     | routecollector | Application initialized
2026-07-09 21:19:25,867 | INFO     | routecollector | Application initialized
2026-07-09 21:19:32,126 | INFO     | routecollector | Application initialized
2026-07-09 21:19:38,199 | INFO     | routecollector | Application initialized
2026-07-10 18:32:03,879 | INFO     | routecollector | Application initialized
2026-07-10 18:53:20,729 | INFO     | routecollector | Application initialized
2026-07-10 18:54:27,152 | INFO     | routecollector | Application initialized
2026-07-10 18:55:16,312 | INFO     | routecollector | Application initialized
2026-07-10 19:04:29,673 | INFO     | routecollector | Application initialized
2026-07-10 19:05:12,354 | INFO     | routecollector | Application initialized
2026-07-10 19:05:58,881 | INFO     | routecollector | Application initialized
2026-07-10 19:25:00,897 | INFO     | routecollector | Application initialized
2026-07-10 19:26:09,676 | INFO     | routecollector | Application initialized
2026-07-10 19:43:48,096 | INFO     | routecollector | Application initialized
2026-07-10 19:54:53,294 | INFO     | routecollector | Application initialized
2026-07-10 22:21:03,836 | INFO     | routecollector | Application initialized
2026-07-10 22:21:03,836 | INFO     | routecollector | RouteCollector daemon started with interval=120 seconds
2026-07-10 22:21:33,302 | INFO     | routecollector | Cycle completed: services=1 domains=189 resolved=189 observations=2852 route_stats=39 routes=39 generated_changed=False installed_changed=False bird_reloaded=False rollback=False
2026-07-10 22:22:50,536 | INFO     | routecollector | Received signal 2, stopping daemon
2026-07-10 22:22:51,310 | INFO     | routecollector | RouteCollector daemon stopped
2026-07-10 22:29:08,838 | INFO     | routecollector | Application initialized
2026-07-10 22:29:08,838 | INFO     | routecollector | RouteCollector daemon started with interval=1800 seconds
2026-07-10 22:29:40,230 | INFO     | routecollector | Cycle completed: services=1 domains=189 resolved=189 observations=2851 route_stats=39 routes=39 generated_changed=False installed_changed=False bird_reloaded=False rollback=False
2026-07-10 22:30:19,469 | INFO     | routecollector | Received signal 15, stopping daemon
2026-07-10 22:30:20,234 | INFO     | routecollector | RouteCollector daemon stopped
2026-07-10 22:31:37,631 | INFO     | routecollector | Application initialized
2026-07-10 22:31:37,632 | INFO     | routecollector | RouteCollector daemon started with interval=1800 seconds
2026-07-10 22:32:08,013 | INFO     | routecollector | Cycle completed: services=1 domains=189 resolved=189 observations=2839 route_stats=39 routes=39 generated_changed=False installed_changed=False bird_reloaded=False rollback=False
2026-07-10 22:32:08,295 | INFO     | routecollector | Application initialized
2026-07-10 22:42:56,524 | INFO     | routecollector | Application initialized
2026-07-10 23:02:38,019 | INFO     | routecollector | Cycle completed: services=1 domains=189 resolved=189 observations=2840 route_stats=39 routes=39 generated_changed=False installed_changed=False bird_reloaded=False rollback=False
2026-07-10 23:33:06,633 | INFO     | routecollector | Cycle completed: services=1 domains=189 resolved=189 observations=2857 route_stats=39 routes=39 generated_changed=False installed_changed=False bird_reloaded=False rollback=False
2026-07-11 00:03:37,217 | INFO     | routecollector | Cycle completed: services=1 domains=189 resolved=189 observations=2847 route_stats=39 routes=39 generated_changed=False installed_changed=False bird_reloaded=False rollback=False
2026-07-11 00:34:08,244 | INFO     | routecollector | Cycle completed: services=1 domains=189 resolved=189 observations=2860 route_stats=39 routes=39 generated_changed=False installed_changed=False bird_reloaded=False rollback=False
2026-07-11 01:04:37,441 | INFO     | routecollector | Cycle completed: services=1 domains=189 resolved=189 observations=2854 route_stats=39 routes=39 generated_changed=False installed_changed=False bird_reloaded=False rollback=False
2026-07-11 01:35:05,009 | INFO     | routecollector | Cycle completed: services=1 domains=189 resolved=189 observations=2843 route_stats=39 routes=39 generated_changed=False installed_changed=False bird_reloaded=False rollback=False
2026-07-11 02:05:33,433 | INFO     | routecollector | Cycle completed: services=1 domains=189 resolved=189 observations=2846 route_stats=39 routes=39 generated_changed=False installed_changed=False bird_reloaded=False rollback=False
2026-07-11 02:36:03,491 | INFO     | routecollector | Cycle completed: services=1 domains=189 resolved=189 observations=2842 route_stats=39 routes=39 generated_changed=False installed_changed=False bird_reloaded=False rollback=False
2026-07-11 03:06:33,009 | INFO     | routecollector | Cycle completed: services=1 domains=189 resolved=189 observations=2848 route_stats=39 routes=39 generated_changed=False installed_changed=False bird_reloaded=False rollback=False
2026-07-11 03:37:02,718 | INFO     | routecollector | Cycle completed: services=1 domains=189 resolved=189 observations=2851 route_stats=39 routes=39 generated_changed=False installed_changed=False bird_reloaded=False rollback=False
2026-07-11 04:07:30,859 | INFO     | routecollector | Cycle completed: services=1 domains=189 resolved=189 observations=2842 route_stats=39 routes=39 generated_changed=False installed_changed=False bird_reloaded=False rollback=False
2026-07-11 04:37:59,434 | INFO     | routecollector | Cycle completed: services=1 domains=189 resolved=189 observations=2854 route_stats=39 routes=39 generated_changed=False installed_changed=False bird_reloaded=False rollback=False
2026-07-11 05:08:28,453 | INFO     | routecollector | Cycle completed: services=1 domains=189 resolved=189 observations=2843 route_stats=39 routes=39 generated_changed=False installed_changed=False bird_reloaded=False rollback=False
2026-07-11 05:38:59,595 | INFO     | routecollector | Cycle completed: services=1 domains=189 resolved=189 observations=2852 route_stats=39 routes=39 generated_changed=False installed_changed=False bird_reloaded=False rollback=False
2026-07-11 06:09:28,050 | INFO     | routecollector | Cycle completed: services=1 domains=189 resolved=189 observations=2847 route_stats=39 routes=39 generated_changed=False installed_changed=False bird_reloaded=False rollback=False
2026-07-11 06:39:56,327 | INFO     | routecollector | Cycle completed: services=1 domains=189 resolved=189 observations=2843 route_stats=39 routes=39 generated_changed=False installed_changed=False bird_reloaded=False rollback=False
2026-07-11 07:10:24,306 | INFO     | routecollector | Cycle completed: services=1 domains=189 resolved=189 observations=2855 route_stats=39 routes=39 generated_changed=False installed_changed=False bird_reloaded=False rollback=False
2026-07-11 07:40:52,759 | INFO     | routecollector | Cycle completed: services=1 domains=189 resolved=189 observations=2846 route_stats=39 routes=39 generated_changed=False installed_changed=False bird_reloaded=False rollback=False
2026-07-11 08:11:21,413 | INFO     | routecollector | Cycle completed: services=1 domains=189 resolved=189 observations=2835 route_stats=39 routes=39 generated_changed=False installed_changed=False bird_reloaded=False rollback=False
2026-07-11 08:41:51,801 | INFO     | routecollector | Cycle completed: services=1 domains=189 resolved=189 observations=2851 route_stats=39 routes=39 generated_changed=False installed_changed=False bird_reloaded=False rollback=False
2026-07-11 08:41:58,675 | INFO     | routecollector | Application initialized
2026-07-11 08:45:42,833 | INFO     | routecollector | Received signal 15, stopping daemon
2026-07-11 08:45:43,823 | INFO     | routecollector | RouteCollector daemon stopped
2026-07-11 08:45:43,940 | INFO     | routecollector | Application initialized
2026-07-11 08:45:43,941 | INFO     | routecollector | RouteCollector daemon started with interval=1800 seconds
2026-07-11 08:46:13,574 | INFO     | routecollector | Cycle completed: services=1 domains=189 resolved=189 observations=2852 route_stats=39 routes=39 generated_changed=False installed_changed=False bird_reloaded=False rollback=False
2026-07-11 09:16:44,237 | INFO     | routecollector | Cycle completed: services=1 domains=189 resolved=189 observations=2839 route_stats=39 routes=39 generated_changed=False installed_changed=False bird_reloaded=False rollback=False
2026-07-11 09:27:02,510 | INFO     | routecollector | Application initialized
2026-07-11 09:27:10,240 | INFO     | routecollector | Application initialized
2026-07-11 09:39:33,312 | INFO     | routecollector | Application initialized
2026-07-11 09:39:33,338 | INFO     | routecollector | Database initialized: state/state.db
2026-07-11 09:47:16,075 | INFO     | routecollector | Cycle completed: services=1 domains=189 resolved=189 observations=2856 route_stats=39 routes=39 generated_changed=False installed_changed=False bird_reloaded=False rollback=False
2026-07-11 10:01:53,872 | INFO     | routecollector | Application initialized
2026-07-11 10:17:45,863 | INFO     | routecollector | Cycle completed: services=1 domains=189 resolved=189 observations=2840 route_stats=39 routes=39 generated_changed=False installed_changed=False bird_reloaded=False rollback=False
2026-07-11 10:32:24,388 | INFO     | routecollector | Received signal 15, stopping daemon
2026-07-11 10:32:24,947 | INFO     | routecollector | RouteCollector daemon stopped
2026-07-11 10:32:25,067 | INFO     | routecollector | Application initialized
2026-07-11 10:32:25,067 | INFO     | routecollector | RouteCollector daemon started with interval=1800 seconds
2026-07-11 10:32:29,264 | INFO     | routecollector | Application initialized
2026-07-11 10:32:56,859 | INFO     | routecollector | Cycle completed: services=1 domains=189 resolved=189 observations=2850 route_stats=39 routes=39 generated_changed=False installed_changed=False bird_reloaded=False rollback=False
2026-07-11 10:44:31,376 | INFO     | routecollector | Application initialized
2026-07-11 11:03:27,857 | INFO     | routecollector | Cycle completed: services=1 domains=189 resolved=189 observations=2851 route_stats=39 routes=39 generated_changed=False installed_changed=False bird_reloaded=False rollback=False
2026-07-11 11:33:56,095 | INFO     | routecollector | Cycle completed: services=1 domains=189 resolved=189 observations=2836 route_stats=39 routes=39 generated_changed=False installed_changed=False bird_reloaded=False rollback=False
2026-07-11 12:04:27,500 | INFO     | routecollector | Cycle completed: services=1 domains=189 resolved=189 observations=2860 route_stats=39 routes=39 generated_changed=False installed_changed=False bird_reloaded=False rollback=False
2026-07-11 12:15:12,441 | INFO     | routecollector | Application initialized
2026-07-11 12:34:57,813 | INFO     | routecollector | Cycle completed: services=2 domains=226 resolved=189 observations=2847 route_stats=39 routes=39 generated_changed=False installed_changed=False bird_reloaded=False rollback=False
2026-07-11 13:01:45,059 | INFO     | routecollector | Application initialized
2026-07-11 13:05:21,720 | INFO     | routecollector | Application initialized
2026-07-11 13:05:21,812 | INFO     | routecollector | Database initialized: state/state.db
2026-07-11 13:05:29,534 | INFO     | routecollector | Cycle completed: services=2 domains=226 resolved=189 observations=2840 route_stats=39 routes=39 generated_changed=False installed_changed=False bird_reloaded=False rollback=False
2026-07-11 13:36:05,349 | INFO     | routecollector | Cycle completed: services=2 domains=226 resolved=189 observations=2857 route_stats=39 routes=39 generated_changed=False installed_changed=False bird_reloaded=False rollback=False
2026-07-11 14:06:36,775 | INFO     | routecollector | Cycle completed: services=2 domains=226 resolved=189 observations=2857 route_stats=39 routes=39 generated_changed=False installed_changed=False bird_reloaded=False rollback=False
2026-07-11 14:30:10,878 | INFO     | routecollector | Application initialized
2026-07-11 14:30:18,052 | INFO     | routecollector | Application initialized
2026-07-11 14:30:26,565 | INFO     | routecollector | Application initialized
2026-07-11 14:32:05,205 | INFO     | routecollector | Application initialized
2026-07-11 14:35:49,951 | INFO     | routecollector | Received signal 15, stopping daemon
2026-07-11 14:35:49,955 | INFO     | routecollector | RouteCollector daemon stopped
2026-07-11 14:41:16,325 | INFO     | routecollector | Application initialized
2026-07-11 14:41:45,838 | INFO     | routecollector | Application initialized
2026-07-11 14:42:28,285 | INFO     | routecollector | Application initialized
2026-07-11 14:44:25,639 | INFO     | routecollector | Application initialized
2026-07-11 14:45:10,197 | INFO     | routecollector | Application initialized
2026-07-11 14:45:10,198 | INFO     | routecollector | RouteCollector daemon started with interval=1800 seconds
2026-07-11 14:45:35,854 | INFO     | routecollector | Application initialized
2026-07-11 14:46:11,715 | INFO     | routecollector | Cycle completed: services=2 domains=211 resolved=366 observations=5597 route_stats=90 routes=65 generated_changed=False installed_changed=False bird_reloaded=False rollback=False
2026-07-11 14:51:02,872 | INFO     | routecollector | Received signal 15, stopping daemon
2026-07-11 14:51:03,743 | INFO     | routecollector | RouteCollector daemon stopped
2026-07-11 14:51:03,880 | INFO     | routecollector | Application initialized
2026-07-11 14:51:03,881 | INFO     | routecollector | RouteCollector daemon started with interval=1800 seconds
2026-07-11 14:51:28,609 | INFO     | routecollector | Application initialized
2026-07-11 14:52:13,242 | INFO     | routecollector | Cycle completed: services=2 domains=211 resolved=431 observations=6108 route_stats=90 routes=65 generated_changed=False installed_changed=False bird_reloaded=False rollback=False
2026-07-11 14:58:37,975 | INFO     | routecollector | Application initialized
2026-07-11 15:00:33,511 | INFO     | routecollector | Received signal 15, stopping daemon
2026-07-11 15:00:34,291 | INFO     | routecollector | RouteCollector daemon stopped
2026-07-11 15:00:34,421 | INFO     | routecollector | Application initialized
2026-07-11 15:00:34,422 | INFO     | routecollector | RouteCollector daemon started with interval=1800 seconds
2026-07-11 15:01:03,524 | INFO     | routecollector | Application initialized
2026-07-11 15:02:21,853 | INFO     | routecollector | Cycle completed: services=2 domains=211 resolved=431 observations=6116 route_stats=91 routes=57 generated_changed=True installed_changed=True bird_reloaded=True rollback=False
2026-07-11 15:05:30,086 | INFO     | routecollector | Application initialized
2026-07-11 15:08:35,687 | INFO     | routecollector | Application initialized
2026-07-11 15:10:00,729 | INFO     | routecollector | Application initialized
2026-07-11 15:22:23,426 | INFO     | routecollector | Application initialized
2026-07-11 15:23:11,151 | INFO     | routecollector | Application initialized
2026-07-11 15:25:15,114 | INFO     | routecollector | Application initialized
2026-07-11 15:33:40,663 | INFO     | routecollector | Cycle completed: services=3 domains=232 resolved=485 observations=6279 route_stats=97 routes=61 generated_changed=False installed_changed=False bird_reloaded=False rollback=False
2026-07-11 16:05:05,871 | INFO     | routecollector | Cycle completed: services=3 domains=232 resolved=485 observations=6264 route_stats=98 routes=61 generated_changed=False installed_changed=False bird_reloaded=False rollback=False
2026-07-11 16:36:21,480 | INFO     | routecollector | Cycle completed: services=3 domains=232 resolved=485 observations=6274 route_stats=100 routes=61 generated_changed=False installed_changed=False bird_reloaded=False rollback=False
2026-07-11 17:07:42,216 | INFO     | routecollector | Cycle completed: services=3 domains=232 resolved=485 observations=6268 route_stats=100 routes=61 generated_changed=False installed_changed=False bird_reloaded=False rollback=False
2026-07-11 17:39:01,492 | INFO     | routecollector | Cycle completed: services=3 domains=232 resolved=485 observations=6271 route_stats=100 routes=61 generated_changed=False installed_changed=False bird_reloaded=False rollback=False
2026-07-11 18:10:17,383 | INFO     | routecollector | Cycle completed: services=3 domains=232 resolved=485 observations=6284 route_stats=101 routes=61 generated_changed=False installed_changed=False bird_reloaded=False rollback=False
2026-07-11 18:41:34,456 | INFO     | routecollector | Cycle completed: services=3 domains=232 resolved=485 observations=6276 route_stats=101 routes=61 generated_changed=False installed_changed=False bird_reloaded=False rollback=False
2026-07-11 19:06:31,345 | INFO     | routecollector | Received signal 15, stopping daemon
2026-07-11 19:06:31,606 | INFO     | routecollector | RouteCollector daemon stopped
2026-07-12 09:57:23,299 | INFO     | routecollector | Application initialized
2026-07-12 09:58:18,794 | INFO     | routecollector | Application initialized
2026-07-12 09:59:09,142 | INFO     | routecollector | Application initialized
2026-07-12 09:59:19,170 | INFO     | routecollector | Application initialized
2026-07-12 09:59:46,220 | INFO     | routecollector | Application initialized
2026-07-12 10:00:01,346 | INFO     | routecollector | Application initialized
2026-07-12 10:00:16,595 | INFO     | routecollector | Application initialized
2026-07-12 10:00:31,846 | INFO     | routecollector | Application initialized
2026-07-12 10:00:47,095 | INFO     | routecollector | Application initialized
2026-07-12 10:01:02,351 | INFO     | routecollector | Application initialized
2026-07-12 10:01:17,632 | INFO     | routecollector | Application initialized
2026-07-12 10:01:32,847 | INFO     | routecollector | Application initialized
2026-07-12 10:01:48,095 | INFO     | routecollector | Application initialized
2026-07-12 10:02:03,353 | INFO     | routecollector | Application initialized
2026-07-12 10:02:18,630 | INFO     | routecollector | Application initialized
2026-07-12 10:02:33,806 | INFO     | routecollector | Application initialized
2026-07-12 10:02:49,094 | INFO     | routecollector | Application initialized
2026-07-12 10:03:04,346 | INFO     | routecollector | Application initialized
2026-07-12 10:03:19,634 | INFO     | routecollector | Application initialized
2026-07-12 10:03:34,846 | INFO     | routecollector | Application initialized
2026-07-12 10:03:50,094 | INFO     | routecollector | Application initialized
2026-07-12 10:04:05,347 | INFO     | routecollector | Application initialized
2026-07-12 10:04:20,637 | INFO     | routecollector | Application initialized
2026-07-12 10:04:35,846 | INFO     | routecollector | Application initialized
2026-07-12 10:04:51,094 | INFO     | routecollector | Application initialized
2026-07-12 10:05:03,228 | INFO     | routecollector | Application initialized
2026-07-12 10:05:18,595 | INFO     | routecollector | Application initialized
2026-07-12 10:06:29,432 | INFO     | routecollector | Application initialized
2026-07-12 10:06:44,597 | INFO     | routecollector | Application initialized
2026-07-12 10:06:59,845 | INFO     | routecollector | Application initialized
2026-07-12 10:07:15,097 | INFO     | routecollector | Application initialized
2026-07-12 10:07:30,352 | INFO     | routecollector | Application initialized
2026-07-12 10:07:45,594 | INFO     | routecollector | Application initialized
2026-07-12 10:08:00,848 | INFO     | routecollector | Application initialized
2026-07-12 10:08:16,095 | INFO     | routecollector | Application initialized
2026-07-12 10:08:31,347 | INFO     | routecollector | Application initialized
2026-07-12 10:08:40,590 | INFO     | routecollector | Application initialized
2026-07-12 10:08:55,847 | INFO     | routecollector | Application initialized
2026-07-12 10:09:11,096 | INFO     | routecollector | Application initialized
2026-07-12 10:09:26,348 | INFO     | routecollector | Application initialized
2026-07-12 10:09:41,593 | INFO     | routecollector | Application initialized
2026-07-12 10:09:56,849 | INFO     | routecollector | Application initialized
2026-07-12 10:10:12,100 | INFO     | routecollector | Application initialized
2026-07-12 10:10:27,348 | INFO     | routecollector | Application initialized
2026-07-12 10:10:42,597 | INFO     | routecollector | Application initialized
2026-07-12 10:10:57,846 | INFO     | routecollector | Application initialized
2026-07-12 10:11:13,093 | INFO     | routecollector | Application initialized
2026-07-12 10:11:28,345 | INFO     | routecollector | Application initialized
2026-07-12 10:11:43,595 | INFO     | routecollector | Application initialized
2026-07-12 10:11:58,851 | INFO     | routecollector | Application initialized
2026-07-12 10:12:14,095 | INFO     | routecollector | Application initialized
2026-07-12 10:12:29,343 | INFO     | routecollector | Application initialized
2026-07-12 10:12:44,595 | INFO     | routecollector | Application initialized
2026-07-12 10:12:59,847 | INFO     | routecollector | Application initialized
2026-07-12 10:13:15,094 | INFO     | routecollector | Application initialized
2026-07-12 10:13:30,346 | INFO     | routecollector | Application initialized
2026-07-12 10:13:45,595 | INFO     | routecollector | Application initialized
2026-07-12 10:14:00,847 | INFO     | routecollector | Application initialized
2026-07-12 10:14:16,094 | INFO     | routecollector | Application initialized
2026-07-12 10:14:31,347 | INFO     | routecollector | Application initialized
2026-07-12 10:14:46,599 | INFO     | routecollector | Application initialized
2026-07-12 10:15:01,848 | INFO     | routecollector | Application initialized
2026-07-12 10:15:17,096 | INFO     | routecollector | Application initialized
2026-07-12 10:15:32,348 | INFO     | routecollector | Application initialized
2026-07-12 10:15:47,636 | INFO     | routecollector | Application initialized
2026-07-12 10:16:02,847 | INFO     | routecollector | Application initialized
2026-07-12 10:16:18,093 | INFO     | routecollector | Application initialized
2026-07-12 10:16:33,350 | INFO     | routecollector | Application initialized
2026-07-12 10:16:48,633 | INFO     | routecollector | Application initialized
2026-07-12 10:17:03,847 | INFO     | routecollector | Application initialized
2026-07-12 10:17:19,094 | INFO     | routecollector | Application initialized
2026-07-12 10:17:34,348 | INFO     | routecollector | Application initialized
2026-07-12 10:17:49,642 | INFO     | routecollector | Application initialized
2026-07-12 10:18:04,845 | INFO     | routecollector | Application initialized
2026-07-12 10:18:20,093 | INFO     | routecollector | Application initialized
2026-07-12 10:18:35,346 | INFO     | routecollector | Application initialized
2026-07-12 10:18:50,633 | INFO     | routecollector | Application initialized
2026-07-12 10:19:05,848 | INFO     | routecollector | Application initialized
2026-07-12 10:19:21,098 | INFO     | routecollector | Application initialized
2026-07-12 10:19:36,348 | INFO     | routecollector | Application initialized
2026-07-12 10:19:51,634 | INFO     | routecollector | Application initialized
2026-07-12 10:20:06,846 | INFO     | routecollector | Application initialized
2026-07-12 10:20:22,096 | INFO     | routecollector | Application initialized
2026-07-12 10:20:37,349 | INFO     | routecollector | Application initialized
2026-07-12 10:20:52,638 | INFO     | routecollector | Application initialized
2026-07-12 10:21:07,847 | INFO     | routecollector | Application initialized
2026-07-12 10:21:23,094 | INFO     | routecollector | Application initialized
2026-07-12 10:21:38,348 | INFO     | routecollector | Application initialized
2026-07-12 10:21:53,632 | INFO     | routecollector | Application initialized
2026-07-12 10:22:08,845 | INFO     | routecollector | Application initialized
2026-07-12 10:22:24,093 | INFO     | routecollector | Application initialized
2026-07-12 10:22:39,348 | INFO     | routecollector | Application initialized
2026-07-12 10:22:54,596 | INFO     | routecollector | Application initialized
2026-07-12 10:23:09,846 | INFO     | routecollector | Application initialized
2026-07-12 10:23:25,091 | INFO     | routecollector | Application initialized
2026-07-12 10:23:40,346 | INFO     | routecollector | Application initialized
2026-07-12 10:23:55,595 | INFO     | routecollector | Application initialized
2026-07-12 10:24:10,848 | INFO     | routecollector | Application initialized
2026-07-12 10:24:26,093 | INFO     | routecollector | Application initialized
2026-07-12 10:24:41,348 | INFO     | routecollector | Application initialized
2026-07-12 10:24:56,598 | INFO     | routecollector | Application initialized
2026-07-12 10:25:11,846 | INFO     | routecollector | Application initialized
2026-07-12 10:25:27,093 | INFO     | routecollector | Application initialized
2026-07-12 10:25:42,348 | INFO     | routecollector | Application initialized
2026-07-12 10:25:57,599 | INFO     | routecollector | Application initialized
2026-07-12 10:26:12,847 | INFO     | routecollector | Application initialized
2026-07-12 10:26:28,099 | INFO     | routecollector | Application initialized
2026-07-12 10:26:43,345 | INFO     | routecollector | Application initialized
2026-07-12 10:26:58,594 | INFO     | routecollector | Application initialized
2026-07-12 10:27:13,847 | INFO     | routecollector | Application initialized
2026-07-12 10:27:29,090 | INFO     | routecollector | Application initialized
2026-07-12 10:27:44,348 | INFO     | routecollector | Application initialized
2026-07-12 10:27:59,595 | INFO     | routecollector | Application initialized
2026-07-12 10:28:14,846 | INFO     | routecollector | Application initialized
2026-07-12 10:28:26,733 | INFO     | routecollector | Application initialized
2026-07-12 10:28:30,095 | INFO     | routecollector | Application initialized
2026-07-12 10:28:45,348 | INFO     | routecollector | Application initialized
2026-07-12 10:29:00,595 | INFO     | routecollector | Application initialized
2026-07-12 10:29:15,845 | INFO     | routecollector | Application initialized
2026-07-12 10:29:31,093 | INFO     | routecollector | Application initialized
2026-07-12 10:29:46,348 | INFO     | routecollector | Application initialized
2026-07-12 10:30:01,594 | INFO     | routecollector | Application initialized
2026-07-12 10:30:16,847 | INFO     | routecollector | Application initialized
2026-07-12 10:30:32,095 | INFO     | routecollector | Application initialized
2026-07-12 10:30:47,346 | INFO     | routecollector | Application initialized
2026-07-12 10:31:02,591 | INFO     | routecollector | Application initialized
2026-07-12 10:31:17,848 | INFO     | routecollector | Application initialized
2026-07-12 10:31:33,095 | INFO     | routecollector | Application initialized
2026-07-12 10:31:48,346 | INFO     | routecollector | Application initialized
2026-07-12 10:32:03,597 | INFO     | routecollector | Application initialized
2026-07-12 10:32:18,845 | INFO     | routecollector | Application initialized
2026-07-12 10:32:34,095 | INFO     | routecollector | Application initialized
2026-07-12 10:32:49,347 | INFO     | routecollector | Application initialized
2026-07-12 10:33:04,598 | INFO     | routecollector | Application initialized
2026-07-12 10:33:04,598 | INFO     | routecollector | RouteCollector daemon started with interval=1800 seconds
2026-07-12 10:33:21,345 | INFO     | routecollector | Cycle completed: services=3 domains=232 resolved=233 observations=3326 route_stats=102 routes=44 generated_changed=False installed_changed=False bird_reloaded=False rollback=False
2026-07-12 10:33:25,309 | INFO     | routecollector | Received signal 15, stopping daemon
2026-07-12 10:33:25,346 | INFO     | routecollector | RouteCollector daemon stopped
2026-07-12 10:33:47,264 | INFO     | routecollector | Application initialized
2026-07-12 10:33:47,265 | INFO     | routecollector | RouteCollector daemon started with interval=1800 seconds
2026-07-12 10:34:03,197 | INFO     | routecollector | Cycle completed: services=3 domains=232 resolved=233 observations=3314 route_stats=102 routes=44 generated_changed=False installed_changed=False bird_reloaded=False rollback=False
2026-07-12 10:35:25,926 | INFO     | routecollector | Application initialized
2026-07-12 10:35:32,610 | INFO     | routecollector | Application initialized
2026-07-12 10:35:46,287 | INFO     | routecollector | Application initialized
